HI-TECH Software C Compiler 

Linker command line:

--edf=C:\Program Files (x86)\HI-TECH Software\PICC\9.70\dat\en_msgs.txt -cs \
  -h+LDR Base.sym -z -Q16F887 -ol.obj -MLDR Base.map -E1 -ACODE=00h-07FFhx4 \
  -ACONST=00h-0FFhx32 -AENTRY=00h-0FFhx32 -ASTRING=00h-0FFhx32 \
  -ABANK0=020h-06Fh -ABANK1=0A0h-0EFh -ABANK2=0110h-016Fh \
  -ABANK3=0190h-01EFh -ARAM=020h-06Fh,0A0h-0EFh,0110h-016Fh,0190h-01EFh \
  -AABS1=020h-07Fh,0A0h-0EFh,0110h-016Fh,0190h-01EFh -ACOMMON=070h-07Fh \
  -ASFR0=00h-01Fh -ASFR1=080h-09Fh -ASFR2=0100h-010Fh -ASFR3=0180h-018Fh \
  -preset_vec=00h,intentry,init,end_init -ppowerup=CODE \
  -ACONFIG=02007h-02008h -pconfig=CONFIG -DCONFIG=2 -AIDLOC=02000h-02003h \
  -pidloc=IDLOC -DIDLOC=2 -AEEDATA=00h-0FFh/02100h -peeprom_data=EEDATA \
  -DEEDATA=2 -DCODE=2 -k startup.obj LDR Base.obj 

Object code version is 3.10

Machine type is 16F887



                Name          Link     Load   Length Selector   Space       Scale
startup.obj     end_init         0        0        3       0     0
LDR Base.obj    text160         F5       F5       72     1EA     0
                text161          9        9       3F      12     0
                text162        FB5      FB5       4B    1F6A     0
                text159        26A      26A       B1     4D4     0
                text156        1E3      1E3       87     3C6     0
                text157        F38      F38       17      1E     0
                text158        597      597       EF     B2E     0
                text167        F1F      F1F       19      1E     0
                text168        F4F      F4F       11      1E     0
                text166        167      167       7C     2CE     0
                text163        F6E      F6E        C      1E     0
                text164        F7A      F7A        C      1E     0
                text165         93       93       62     126     0
                bssBANK0        49       49        6      20     1
                cstackBAN       A0       A0       22      A0     1
                cstackCOM       70       70        5      70     1
                bssCOMMON       75       75        4      70     1
                strings        F00      F00       1F      1E     0
                cinit          F60      F60        E      1E     0
                text153        31B      31B       BB     636     0
                text154        3D6      3D6       DC     7AC     0
                text155        F86      F86       2F    1F0C     0
                text152        686      686      17A     D0C     0
                cstackBAN       20       20       29      20     1
                maintext        48       48       4B      90     0
                text151        4B2      4B2       E5     964     0

TOTAL           Name          Link     Load   Length     Space
        CLASS   CODE           
                end_init         0        0        3     0
                text160         F5       F5       72     0
                text161          9        9       3F     0
                text162        FB5      FB5       4B     0
                text159        26A      26A       B1     0
                text156        1E3      1E3       87     0
                text157        F38      F38       17     0
                text158        597      597       EF     0
                text167        F1F      F1F       19     0
                text168        F4F      F4F       11     0
                text166        167      167       7C     0
                text163        F6E      F6E        C     0
                text164        F7A      F7A        C     0
                text165         93       93       62     0
                strings        F00      F00       1F     0
                cinit          F60      F60        E     0
                text153        31B      31B       BB     0
                text154        3D6      3D6       DC     0
                text155        F86      F86       2F     0
                text152        686      686      17A     0
                maintext        48       48       4B     0
                text151        4B2      4B2       E5     0

        CLASS   CONST          

        CLASS   ENTRY          

        CLASS   STRING         

        CLASS   BANK0          
                bssBANK0        49       49        6     1
                cstackBAN       20       20       29     1

        CLASS   BANK1          
                cstackBAN       A0       A0       22     1

        CLASS   BANK2          

        CLASS   BANK3          

        CLASS   RAM            

        CLASS   ABS1           
                abs_s1          7E       7E        2     1

        CLASS   COMMON         
                cstackCOM       70       70        5     1
                bssCOMMON       75       75        4     1

        CLASS   SFR0           

        CLASS   SFR1           

        CLASS   SFR2           

        CLASS   SFR3           

        CLASS   CONFIG         

        CLASS   IDLOC          

        CLASS   EEDATA         



SEGMENTS        Name            Load    Length   Top    Selector   Space  Class     Delta

                reset_vec       000000  000003  000003         0       0  CODE        2
                text161         000009  00003F  000048        12       0  CODE        2
                cstackBANK0     000020  00002F  00004F        20       1  BANK0       1
                cstackCOMMON    000070  000009  000079        70       1  COMMON      1
                maintext        000048  00004B  000093        90       0  CODE        2
                cstackBANK1     0000A0  000022  0000C2        A0       1  BANK1       1
                text165         000093  000062  0000F5       126       0  CODE        2
                text160         0000F5  000072  000167       1EA       0  CODE        2
                text166         000167  00007C  0001E3       2CE       0  CODE        2
                text156         0001E3  000087  00026A       3C6       0  CODE        2
                text159         00026A  0000B1  00031B       4D4       0  CODE        2
                text153         00031B  0000BB  0003D6       636       0  CODE        2
                text154         0003D6  0000DC  0004B2       7AC       0  CODE        2
                text151         0004B2  0000E5  000597       964       0  CODE        2
                text158         000597  0000EF  000686       B2E       0  CODE        2
                text152         000686  00017A  000800       D0C       0  CODE        2
                strings         000F00  000086  000F86        1E       0  CODE        2
                text155         000F86  00002F  000FB5      1F0C       0  CODE        2
                text162         000FB5  00004B  001000      1F6A       0  CODE        2


UNUSED ADDRESS RANGES

        Name                Unused          Largest block    Delta
        BANK0            0004F-0006F              21           1
        BANK1            000C2-000EF              2E           1
        BANK2            00110-0016F              60           1
        BANK3            00190-001EF              60           1
        CODE             00003-00008               6           2
                         00800-00EFF             700
                         01000-01FFF             800
        COMMON           00079-0007D               5           1
        CONFIG           02007-02008               2           2
        CONST            00006-00011               C           1
                         01000-01DFF             100
        EEDATA           02100-021FF             100           2
        ENTRY            00006-00011               C           1
                         01000-01DFF             100
        IDLOC            02000-02003               4           2
        RAM              0004F-0006F              21           1
                         000C2-000EF              2E
                         00110-0016F              60
                         00190-001EF              60
        SFR0             00000-0001F              20           1
        SFR1             00080-0009F              20           1
        SFR2             00100-0010F              10           1
        SFR3             00180-0018F              10           1
        STRING           00006-00011               C           1
                         01000-01DFF             100

                                  Symbol Table

??___awdiv             cstackCOMMON 00071
??___awmod             cstackCOMMON 00070
??___awtoft            cstackCOMMON 00073
??___ftdiv             cstackBANK0  00039
??___ftmul             cstackBANK0  00029
??___ftpack            cstackCOMMON 00070
??___fttol             cstackBANK0  00031
??___lwdiv             cstackCOMMON 00070
??___lwmod             cstackCOMMON 00071
??_adc                 cstackCOMMON 00073
??_command             cstackCOMMON 00070
??_count               cstackCOMMON 00072
??_data                cstackCOMMON 00070
??_delay               cstackCOMMON 00070
??_main                cstackCOMMON 00075
??_pulse               cstackCOMMON 00070
??_sprintf             cstackCOMMON 00072
??_string              cstackCOMMON 00073
??_voltage             cstackCOMMON 00075
?___awdiv              cstackBANK0  0002A
?___awmod              cstackBANK0  00022
?___awtoft             cstackBANK0  00026
?___ftdiv              cstackBANK0  00043
?___ftmul              cstackBANK0  00033
?___ftpack             cstackBANK0  00020
?___fttol              cstackBANK0  0003A
?___lwdiv              cstackBANK0  00023
?___lwmod              cstackBANK0  00028
?_adc                  cstackCOMMON 00075
?_command              cstackCOMMON 00073
?_count                cstackBANK0  00036
?_data                 cstackCOMMON 00073
?_delay                cstackCOMMON 00070
?_main                 cstackBANK0  00049
?_pulse                cstackCOMMON 00072
?_sprintf              cstackBANK0  00034
?_string               cstackCOMMON 00075
?_voltage              cstackBANK0  00049
_ABDEN                 (abs)        00C38
_ABDOVF                (abs)        00C3F
_ACKDT                 (abs)        0048D
_ACKEN                 (abs)        0048C
_ACKSTAT               (abs)        0048E
_ADCON0                (abs)        0001F
_ADCON1                (abs)        0009F
_ADCS0                 (abs)        000FE
_ADCS1                 (abs)        000FF
_ADDEN                 (abs)        000C3
_ADFM                  (abs)        004FF
_ADIE                  (abs)        00466
_ADIF                  (abs)        00066
_ADON                  (abs)        000F8
_ADRESH                (abs)        0001E
_ADRESL                (abs)        0009E
_ANS0                  (abs)        00C40
_ANS1                  (abs)        00C41
_ANS10                 (abs)        00C4A
_ANS11                 (abs)        00C4B
_ANS12                 (abs)        00C4C
_ANS13                 (abs)        00C4D
_ANS2                  (abs)        00C42
_ANS3                  (abs)        00C43
_ANS4                  (abs)        00C44
_ANS5                  (abs)        00C45
_ANS6                  (abs)        00C46
_ANS7                  (abs)        00C47
_ANS8                  (abs)        00C48
_ANS9                  (abs)        00C49
_ANSEL                 (abs)        00188
_ANSELH                (abs)        00189
_BAUDCTL               (abs)        00187
_BCLIE                 (abs)        0046B
_BCLIF                 (abs)        0006B
_BF                    (abs)        004A0
_BOR                   (abs)        00470
_BRG0                  (abs)        004C8
_BRG1                  (abs)        004C9
_BRG10                 (abs)        004D2
_BRG11                 (abs)        004D3
_BRG12                 (abs)        004D4
_BRG13                 (abs)        004D5
_BRG14                 (abs)        004D6
_BRG15                 (abs)        004D7
_BRG16                 (abs)        00C3B
_BRG2                  (abs)        004CA
_BRG3                  (abs)        004CB
_BRG4                  (abs)        004CC
_BRG5                  (abs)        004CD
_BRG6                  (abs)        004CE
_BRG7                  (abs)        004CF
_BRG8                  (abs)        004D0
_BRG9                  (abs)        004D1
_BRGH                  (abs)        004C2
_C1CH0                 (abs)        00838
_C1CH1                 (abs)        00839
_C1IE                  (abs)        0046D
_C1IF                  (abs)        0006D
_C1OE                  (abs)        0083D
_C1ON                  (abs)        0083F
_C1OUT                 (abs)        0083E
_C1POL                 (abs)        0083C
_C1R                   (abs)        0083A
_C1RSEL                (abs)        0084D
_C1SEN                 (abs)        00C2D
_C2CH0                 (abs)        00840
_C2CH1                 (abs)        00841
_C2IE                  (abs)        0046E
_C2IF                  (abs)        0006E
_C2OE                  (abs)        00845
_C2ON                  (abs)        00847
_C2OUT                 (abs)        00846
_C2POL                 (abs)        00844
_C2R                   (abs)        00842
_C2REN                 (abs)        00C2C
_C2RSEL                (abs)        0084C
_C2SYNC                (abs)        00848
_CARRY                 (abs)        00018
_CCP1CON               (abs)        00017
_CCP1IE                (abs)        00462
_CCP1IF                (abs)        00062
_CCP1M0                (abs)        000B8
_CCP1M1                (abs)        000B9
_CCP1M2                (abs)        000BA
_CCP1M3                (abs)        000BB
_CCP2CON               (abs)        0001D
_CCP2IE                (abs)        00468
_CCP2IF                (abs)        00068
_CCP2M0                (abs)        000E8
_CCP2M1                (abs)        000E9
_CCP2M2                (abs)        000EA
_CCP2M3                (abs)        000EB
_CCP2X                 (abs)        000ED
_CCP2Y                 (abs)        000EC
_CCPR1H                (abs)        00016
_CCPR1L                (abs)        00015
_CCPR2H                (abs)        0001C
_CCPR2L                (abs)        0001B
_CHS0                  (abs)        000FA
_CHS1                  (abs)        000FB
_CHS2                  (abs)        000FC
_CHS3                  (abs)        000FD
_CKE                   (abs)        004A6
_CKP                   (abs)        000A4
_CM1CON0               (abs)        00107
_CM2CON0               (abs)        00108
_CM2CON1               (abs)        00109
_CREN                  (abs)        000C4
_CSRC                  (abs)        004C7
_DA                    (abs)        004A5
_DC                    (abs)        00019
_DC1B0                 (abs)        000BC
_DC1B1                 (abs)        000BD
_DV                    bssCOMMON    00075
_ECCPAS                (abs)        0009C
_ECCPAS0               (abs)        004E4
_ECCPAS1               (abs)        004E5
_ECCPAS2               (abs)        004E6
_ECCPASE               (abs)        004E7
_EEADR                 (abs)        0010D
_EEADRH                (abs)        0010F
_EEADRL                (abs)        0010D
_EECON1                (abs)        0018C
_EECON2                (abs)        0018D
_EEDAT                 (abs)        0010C
_EEDATA                (abs)        0010C
_EEDATH                (abs)        0010E
_EEIE                  (abs)        0046C
_EEIF                  (abs)        0006C
_EEPGD                 (abs)        00C67
_FERR                  (abs)        000C2
_FSR                   (abs)        00004
_FVREN                 (abs)        00C28
_GCEN                  (abs)        0048F
_GIE                   (abs)        0005F
_GODONE                (abs)        000F9
_HTS                   (abs)        0047A
_INDF                  (abs)        00000
_INTCON                (abs)        0000B
_INTE                  (abs)        0005C
_INTEDG                (abs)        0040E
_INTF                  (abs)        00059
_IOCB                  (abs)        00096
_IOCB0                 (abs)        004B0
_IOCB1                 (abs)        004B1
_IOCB2                 (abs)        004B2
_IOCB3                 (abs)        004B3
_IOCB4                 (abs)        004B4
_IOCB5                 (abs)        004B5
_IOCB6                 (abs)        004B6
_IOCB7                 (abs)        004B7
_IRCF0                 (abs)        0047C
_IRCF1                 (abs)        0047D
_IRCF2                 (abs)        0047E
_IRP                   (abs)        0001F
_LTS                   (abs)        00479
_MC1OUT                (abs)        0084F
_MC2OUT                (abs)        0084E
_OERR                  (abs)        000C1
_OPTION                (abs)        00081
_OSCCON                (abs)        0008F
_OSCTUNE               (abs)        00090
_OSFIE                 (abs)        0046F
_OSFIF                 (abs)        0006F
_OSTS                  (abs)        0047B
_P1M0                  (abs)        000BE
_P1M1                  (abs)        000BF
_PCL                   (abs)        00002
_PCLATH                (abs)        0000A
_PCON                  (abs)        0008E
_PD                    (abs)        0001B
_PDC0                  (abs)        004D8
_PDC1                  (abs)        004D9
_PDC2                  (abs)        004DA
_PDC3                  (abs)        004DB
_PDC4                  (abs)        004DC
_PDC5                  (abs)        004DD
_PDC6                  (abs)        004DE
_PEIE                  (abs)        0005E
_PEN                   (abs)        0048A
_PIE1                  (abs)        0008C
_PIE2                  (abs)        0008D
_PIR1                  (abs)        0000C
_PIR2                  (abs)        0000D
_POR                   (abs)        00471
_PORTA                 (abs)        00005
_PORTB                 (abs)        00006
_PORTC                 (abs)        00007
_PORTD                 (abs)        00008
_PORTE                 (abs)        00009
_PR2                   (abs)        00092
_PRSEN                 (abs)        004DF
_PS0                   (abs)        00408
_PS1                   (abs)        00409
_PS2                   (abs)        0040A
_PSA                   (abs)        0040B
_PSSAC0                (abs)        004E2
_PSSAC1                (abs)        004E3
_PSSBD0                (abs)        004E0
_PSSBD1                (abs)        004E1
_PSTRCON               (abs)        0009D
_PULSR                 (abs)        00C2A
_PULSS                 (abs)        00C2B
_PWM1CON               (abs)        0009B
_RA0                   (abs)        00028
_RA1                   (abs)        00029
_RA2                   (abs)        0002A
_RA3                   (abs)        0002B
_RA4                   (abs)        0002C
_RA5                   (abs)        0002D
_RA6                   (abs)        0002E
_RA7                   (abs)        0002F
_RABIE                 (abs)        0005B
_RABIF                 (abs)        00058
_RABPU                 (abs)        0040F
_RB0                   (abs)        00030
_RB1                   (abs)        00031
_RB2                   (abs)        00032
_RB3                   (abs)        00033
_RB4                   (abs)        00034
_RB5                   (abs)        00035
_RB6                   (abs)        00036
_RB7                   (abs)        00037
_RBIE                  (abs)        0005B
_RBIF                  (abs)        00058
_RBPU                  (abs)        0040F
_RC0                   (abs)        00038
_RC1                   (abs)        00039
_RC2                   (abs)        0003A
_RC3                   (abs)        0003B
_RC4                   (abs)        0003C
_RC5                   (abs)        0003D
_RC6                   (abs)        0003E
_RC7                   (abs)        0003F
_RCEN                  (abs)        0048B
_RCIDL                 (abs)        00C3E
_RCIE                  (abs)        00465
_RCIF                  (abs)        00065
_RCREG                 (abs)        0001A
_RCSTA                 (abs)        00018
_RD                    (abs)        00C60
_RD0                   (abs)        00040
_RD1                   (abs)        00041
_RD2                   (abs)        00042
_RD3                   (abs)        00043
_RD4                   (abs)        00044
_RD5                   (abs)        00045
_RD6                   (abs)        00046
_RD7                   (abs)        00047
_RE0                   (abs)        00048
_RE1                   (abs)        00049
_RE2                   (abs)        0004A
_RE3                   (abs)        0004B
_RP0                   (abs)        0001D
_RP1                   (abs)        0001E
_RSEN                  (abs)        00489
_RW                    (abs)        004A2
_RX9                   (abs)        000C6
_RX9D                  (abs)        000C0
_SBOREN                (abs)        00474
_SCKP                  (abs)        00C3C
_SCS                   (abs)        00478
_SEN                   (abs)        00488
_SENDB                 (abs)        004C3
_SMP                   (abs)        004A7
_SPBRG                 (abs)        00099
_SPBRGH                (abs)        0009A
_SPEN                  (abs)        000C7
_SR0                   (abs)        00C2E
_SR1                   (abs)        00C2F
_SRCON                 (abs)        00185
_SREN                  (abs)        000C5
_SSPADD                (abs)        00093
_SSPBUF                (abs)        00013
_SSPCON                (abs)        00014
_SSPCON2               (abs)        00091
_SSPEN                 (abs)        000A5
_SSPIE                 (abs)        00463
_SSPIF                 (abs)        00063
_SSPM0                 (abs)        000A0
_SSPM1                 (abs)        000A1
_SSPM2                 (abs)        000A2
_SSPM3                 (abs)        000A3
_SSPMSK                (abs)        00093
_SSPOV                 (abs)        000A6
_SSPSTAT               (abs)        00094
_START                 (abs)        004A3
_STATUS                (abs)        00003
_STOP                  (abs)        004A4
_STRA                  (abs)        004E8
_STRB                  (abs)        004E9
_STRC                  (abs)        004EA
_STRD                  (abs)        004EB
_STRSYNC               (abs)        004EC
_SWDTEN                (abs)        00828
_SYNC                  (abs)        004C4
_T0CS                  (abs)        0040D
_T0IE                  (abs)        0005D
_T0IF                  (abs)        0005A
_T0SE                  (abs)        0040C
_T1CKPS0               (abs)        00084
_T1CKPS1               (abs)        00085
_T1CON                 (abs)        00010
_T1GINV                (abs)        00087
_T1GSS                 (abs)        00849
_T1OSCEN               (abs)        00083
_T1SYNC                (abs)        00082
_T2CKPS0               (abs)        00090
_T2CKPS1               (abs)        00091
_T2CON                 (abs)        00012
_TMR0                  (abs)        00001
_TMR1CS                (abs)        00081
_TMR1GE                (abs)        00086
_TMR1H                 (abs)        0000F
_TMR1IE                (abs)        00460
_TMR1IF                (abs)        00060
_TMR1L                 (abs)        0000E
_TMR1ON                (abs)        00080
_TMR2                  (abs)        00011
_TMR2IE                (abs)        00461
_TMR2IF                (abs)        00061
_TMR2ON                (abs)        00092
_TO                    (abs)        0001C
_TOUTPS0               (abs)        00093
_TOUTPS1               (abs)        00094
_TOUTPS2               (abs)        00095
_TOUTPS3               (abs)        00096
_TRISA                 (abs)        00085
_TRISA0                (abs)        00428
_TRISA1                (abs)        00429
_TRISA2                (abs)        0042A
_TRISA3                (abs)        0042B
_TRISA4                (abs)        0042C
_TRISA5                (abs)        0042D
_TRISA6                (abs)        0042E
_TRISA7                (abs)        0042F
_TRISB                 (abs)        00086
_TRISB0                (abs)        00430
_TRISB1                (abs)        00431
_TRISB2                (abs)        00432
_TRISB3                (abs)        00433
_TRISB4                (abs)        00434
_TRISB5                (abs)        00435
_TRISB6                (abs)        00436
_TRISB7                (abs)        00437
_TRISC                 (abs)        00087
_TRISC0                (abs)        00438
_TRISC1                (abs)        00439
_TRISC2                (abs)        0043A
_TRISC3                (abs)        0043B
_TRISC4                (abs)        0043C
_TRISC5                (abs)        0043D
_TRISC6                (abs)        0043E
_TRISC7                (abs)        0043F
_TRISD                 (abs)        00088
_TRISD0                (abs)        00440
_TRISD1                (abs)        00441
_TRISD2                (abs)        00442
_TRISD3                (abs)        00443
_TRISD4                (abs)        00444
_TRISD5                (abs)        00445
_TRISD6                (abs)        00446
_TRISD7                (abs)        00447
_TRISE                 (abs)        00089
_TRISE0                (abs)        00448
_TRISE1                (abs)        00449
_TRISE2                (abs)        0044A
_TRISE3                (abs)        0044B
_TRMT                  (abs)        004C1
_TUN0                  (abs)        00480
_TUN1                  (abs)        00481
_TUN2                  (abs)        00482
_TUN3                  (abs)        00483
_TUN4                  (abs)        00484
_TX9                   (abs)        004C6
_TX9D                  (abs)        004C0
_TXEN                  (abs)        004C5
_TXIE                  (abs)        00464
_TXIF                  (abs)        00064
_TXREG                 (abs)        00019
_TXSTA                 (abs)        00098
_UA                    (abs)        004A1
_ULPWUE                (abs)        00475
_ULPWUIE               (abs)        0046A
_ULPWUIF               (abs)        0006A
_VCFG0                 (abs)        004FC
_VCFG1                 (abs)        004FD
_VR0                   (abs)        004B8
_VR1                   (abs)        004B9
_VR2                   (abs)        004BA
_VR3                   (abs)        004BB
_VRCON                 (abs)        00097
_VREN                  (abs)        004BF
_VROE                  (abs)        004BE
_VRR                   (abs)        004BD
_VRSS                  (abs)        004BC
_WCOL                  (abs)        000A7
_WDTCON                (abs)        00105
_WDTPS0                (abs)        00829
_WDTPS1                (abs)        0082A
_WDTPS2                (abs)        0082B
_WDTPS3                (abs)        0082C
_WPUB                  (abs)        00095
_WPUB0                 (abs)        004A8
_WPUB1                 (abs)        004A9
_WPUB2                 (abs)        004AA
_WPUB3                 (abs)        004AB
_WPUB4                 (abs)        004AC
_WPUB5                 (abs)        004AD
_WPUB6                 (abs)        004AE
_WPUB7                 (abs)        004AF
_WR                    (abs)        00C61
_WREN                  (abs)        00C62
_WRERR                 (abs)        00C63
_WUE                   (abs)        00C39
_ZERO                  (abs)        0001A
__Babs1                abs1         04200
__Bbank0               bank0        04200
__Bbank1               bank1        04200
__Bbank2               bank2        04200
__Bbank3               bank3        04200
__Bclrtext             clrtext      04200
__Bcode                code         04200
__Bcommon              common       04200
__Beeprom_data         eeprom_data  02100
__Bptbit_0             ptbit_0      04200
__Bram                 ram          04200
__Bsfr0                sfr0         04200
__Bsfr1                sfr1         04200
__Bsfr2                sfr2         04200
__Bsfr3                sfr3         04200
__Bstrings             strings      04200
__Btext                text         04200
__Habs1                abs1         00000
__Hbank0               bank0        00000
__Hbank1               bank1        00000
__Hbank2               bank2        00000
__Hbank3               bank3        00000
__HbssBANK0            bssBANK0     04200
__HbssCOMMON           bssCOMMON    04200
__Hcinit               cinit        04200
__Hclrtext             clrtext      00000
__Hcode                code         00000
__Hcommon              common       00000
__Hconfig              config       02007
__HcstackBANK0         cstackBANK0  04200
__HcstackBANK1         cstackBANK1  04200
__HcstackCOMMON        cstackCOMMON 04200
__Heeprom_data         eeprom_data  00000
__Hend_init            end_init     00003
__Hidloc               idloc        02000
__Hinit                init         00000
__Hintentry            intentry     00000
__Hintsave             intsave      04200
__Hmaintext            maintext     04200
__Hpowerup             powerup      00003
__Hptbit_0             ptbit_0      21000
__Hram                 ram          00000
__Hreset_vec           reset_vec    00000
__Hsfr0                sfr0         00000
__Hsfr1                sfr1         00000
__Hsfr2                sfr2         00000
__Hsfr3                sfr3         00000
__Hstrings             strings      00000
__Hstruct              struct       0004F
__Htemp                temp         0004F
__Htext                text         00000
__Labs1                abs1         00000
__Lbank0               bank0        00000
__Lbank1               bank1        00000
__Lbank2               bank2        00000
__Lbank3               bank3        00000
__LbssBANK0            bssBANK0     04200
__LbssCOMMON           bssCOMMON    04200
__Lcinit               cinit        04200
__Lclrtext             clrtext      00000
__Lcode                code         00000
__Lcommon              common       00000
__Lconfig              config       02007
__LcstackBANK0         cstackBANK0  04200
__LcstackBANK1         cstackBANK1  04200
__LcstackCOMMON        cstackCOMMON 04200
__Leeprom_data         eeprom_data  00000
__Lend_init            end_init     00000
__Lidloc               idloc        02000
__Linit                init         00000
__Lintentry            intentry     00000
__Lintsave             intsave      04200
__Lmaintext            maintext     04200
__Lpowerup             powerup      00003
__Lptbit_0             ptbit_0      21000
__Lram                 ram          00000
__Lreset_vec           reset_vec    00000
__Lsfr0                sfr0         00000
__Lsfr1                sfr1         00000
__Lsfr2                sfr2         00000
__Lsfr3                sfr3         00000
__Lstrings             strings      00000
__Lstruct              struct       0004F
__Ltemp                temp         0004F
__Ltext                text         00000
__S0                   (abs)        02007
__S1                   (abs)        00190
__S2                   (abs)        02100
___awdiv               text160      000F5
___awdiv@counter       cstackBANK0  00026
___awdiv@dividend      cstackBANK0  0002A
___awdiv@divisor       cstackBANK0  0002C
___awdiv@quotient      cstackBANK0  00028
___awdiv@sign          cstackBANK0  00027
___awmod               text165      00093
___awmod@counter       cstackBANK0  00021
___awmod@dividend      cstackBANK0  00022
___awmod@divisor       cstackBANK0  00024
___awmod@sign          cstackBANK0  00020
___awtoft              text155      00F86
___awtoft@c            cstackBANK0  00026
___awtoft@sign         cstackBANK0  00025
___ftdiv               text153      0031B
___ftdiv@cntr          cstackBANK0  0003D
___ftdiv@exp           cstackBANK0  00041
___ftdiv@f1            cstackBANK0  00043
___ftdiv@f2            cstackBANK0  00046
___ftdiv@f3            cstackBANK0  0003E
___ftdiv@sign          cstackBANK0  00042
___ftmul               text154      003D6
___ftmul@cntr          cstackBANK0  00031
___ftmul@exp           cstackBANK0  0002D
___ftmul@f1            cstackBANK0  00033
___ftmul@f2            cstackBANK0  00036
___ftmul@f3_as_product cstackBANK0  0002E
___ftmul@sign          cstackBANK0  00032
___ftpack              text166      00167
___ftpack@arg          cstackBANK0  00020
___ftpack@exp          cstackBANK0  00023
___ftpack@sign         cstackBANK0  00024
___fttol               text156      001E3
___fttol@exp1          cstackBANK0  00039
___fttol@f1            cstackBANK0  0003A
___fttol@lval          cstackBANK0  00035
___fttol@sign1         cstackBANK0  00034
___lwdiv               text162      00FB5
___lwdiv@counter       cstackBANK0  00020
___lwdiv@dividend      cstackBANK0  00023
___lwdiv@divisor       cstackBANK0  00025
___lwdiv@quotient      cstackBANK0  00021
___lwmod               text161      00009
___lwmod@counter       cstackBANK0  00027
___lwmod@dividend      cstackBANK0  00028
___lwmod@divisor       cstackBANK0  0002A
__end_of___awdiv       text160      00167
__end_of___awmod       text165      000F5
__end_of___awtoft      text155      00FB5
__end_of___ftdiv       text153      003D6
__end_of___ftmul       text154      004B2
__end_of___ftpack      text166      001E3
__end_of___fttol       text156      0026A
__end_of___lwdiv       text162      01000
__end_of___lwmod       text161      00048
__end_of_adc           text151      00597
__end_of_command       text164      00F86
__end_of_count         text159      0031B
__end_of_data          text163      00F7A
__end_of_delay         text168      00F60
__end_of_main          maintext     00093
__end_of_pulse         text167      00F38
__end_of_sprintf       text158      00686
__end_of_string        text157      00F4F
__end_of_voltage       text152      00800
__pbssBANK0            bssBANK0     00049
__pbssCOMMON           bssCOMMON    00075
__pcstackBANK0         cstackBANK0  00020
__pcstackBANK1         cstackBANK1  000A0
__pcstackCOMMON        cstackCOMMON 00070
__pmaintext            maintext     00048
__pstrings             strings      00F00
__ptext151             text151      004B2
__ptext152             text152      00686
__ptext153             text153      0031B
__ptext154             text154      003D6
__ptext155             text155      00F86
__ptext156             text156      001E3
__ptext157             text157      00F38
__ptext158             text158      00597
__ptext159             text159      0026A
__ptext160             text160      000F5
__ptext161             text161      00009
__ptext162             text162      00FB5
__ptext163             text163      00F6E
__ptext164             text164      00F7A
__ptext165             text165      00093
__ptext166             text166      00167
__ptext167             text167      00F1F
__ptext168             text168      00F4F
__ptext169             text169      00003
__size_of___awdiv      (abs)        00000
__size_of___awmod      (abs)        00000
__size_of___awtoft     (abs)        00000
__size_of___ftdiv      (abs)        00000
__size_of___ftmul      (abs)        00000
__size_of___ftpack     (abs)        00000
__size_of___fttol      (abs)        00000
__size_of___lwdiv      (abs)        00000
__size_of___lwmod      (abs)        00000
__size_of_adc          (abs)        00000
__size_of_command      (abs)        00000
__size_of_count        (abs)        00000
__size_of_data         (abs)        00000
__size_of_delay        (abs)        00000
__size_of_main         (abs)        00000
__size_of_pulse        (abs)        00000
__size_of_sprintf      (abs)        00000
__size_of_string       (abs)        00000
__size_of_voltage      (abs)        00000
__stringbase           strings      00F0E
_adc                   text151      004B2
_command               text164      00F7A
_count                 text159      0026A
_data                  text163      00F6E
_delay                 text168      00F4F
_dpowers               strings      00F0F
_exit                  init         00000
_high                  bssBANK0     00049
_k1                    bssBANK0     0004B
_k2                    bssBANK0     0004D
_low                   bssCOMMON    00077
_main                  maintext     00048
_pulse                 text167      00F1F
_sprintf               text158      00597
_string                text157      00F38
_voltage               text152      00686
btemp                  (abs)        0007E
command@data           cstackCOMMON 00072
count@a                cstackBANK0  00032
count@c                cstackBANK0  00034
count@e                cstackBANK0  0002E
count@f                cstackBANK0  00030
count@i                cstackBANK0  00036
data@data              cstackCOMMON 00072
delay@x                cstackCOMMON 00070
end_of_initialization  cinit        00F6A
intlevel0              intentry     00000
intlevel1              intentry     00000
intlevel2              intentry     00000
intlevel3              intentry     00000
intlevel4              intentry     00000
intlevel5              intentry     00000
reset_vec              reset_vec    00000
sprintf@_val           cstackBANK0  0002F
sprintf@ap             cstackBANK0  0002D
sprintf@c              cstackBANK0  00033
sprintf@f              cstackBANK0  00034
sprintf@flag           cstackBANK0  0002C
sprintf@prec           cstackBANK0  0002E
sprintf@sp             cstackBANK0  00032
start                  init         00000
start_initialization   cinit        00F60
string@ptr             cstackCOMMON 00074
stringdir              strings      00F09
stringjmp              strings      00F0D
stringtab              strings      00F00
voltage@a              cstackBANK1  000BA
voltage@b              cstackBANK1  000BC
voltage@buffer         cstackBANK1  000A0
voltage@c              cstackBANK1  000BE
voltage@w              cstackBANK1  000C0
voltage@w1             cstackBANK1  000B7
voltage@z              cstackBANK1  000B4
